// Jest Snapshot v1, https://goo.gl/fbAQLP

exports[`Pruebas en el Entry Component Debe de hacer match con el snapshot 1`] = `
<div class="entry-container mb-3 pointer p-2">
  <!-- Título -->
  <div class="entry-title d-flex"><span class="text-success fs-5 fw-bold">16</span><span class="mx-1 fs-5">Diciembre</span><span class="mx-2 fw-light">2021, Jueves</span></div><!-- Descripción -->
  <div class="entry-description">Hola mundo desde mock data</div>
</div>
`;
